interactions:
- request:
    body: null
    headers:
      Accept: ['*/*']
      Accept-Encoding: ['gzip, deflate']
      Connection: [keep-alive]
      User-Agent: [python-requests/2.18.4]
    method: GET
    uri: https://httpbin.org/xml
  response:
    body: {string: "<?xml version='1.0' encoding='us-ascii'?>\n\n<!--  A SAMPLE set\
        \ of slides  -->\n\n<slideshow \n    title=\"Sample Slide Show\"\n    date=\"\
        Date of publication\"\n    author=\"Yours Truly\"\n    >\n\n    <!-- TITLE\
        \ SLIDE -->\n    <slide type=\"all\">\n      <title>Wake up to WonderWidgets!</title>\n\
        \    </slide>\n\n    <!-- OVERVIEW -->\n    <slide type=\"all\">\n       \
        \ <title>Overview</title>\n        <item>Why <em>WonderWidgets</em> are great</item>\n\
        \        <item/>\n        <item>Who <em>buys</em> WonderWidgets</item>\n \
        \   </slide>\n\n</slideshow>"}
    headers:
      Access-Control-Allow-Credentials: ['true']
      Access-Control-Allow-Origin: ['*']
      Connection: [keep-alive]
      Content-Length: ['522']
      Content-Type: [application/xml]
      Date: ['Tue, 04 Sep 2018 10:40:35 GMT']
      Server: [gunicorn/19.9.0]
      Via: [1.1 vegur]
    status: {code: 200, message: OK}
- request:
    body: null
    headers:
      Accept: ['*/*']
      Accept-Encoding: ['gzip, deflate']
      Connection: [keep-alive]
      User-Agent: [python-requests/2.18.4]
    method: GET
    uri: https://httpbin.org/xml
  response:
    body: {string: "<?xml version='1.0' encoding='us-ascii'?>\n\n<!--  A SAMPLE set\
        \ of slides  -->\n\n<slideshow \n    title=\"Sample Slide Show\"\n    date=\"\
        Date of publication\"\n    author=\"Yours Truly\"\n    >\n\n    <!-- TITLE\
        \ SLIDE -->\n    <slide type=\"all\">\n      <title>Wake up to WonderWidgets!</title>\n\
        \    </slide>\n\n    <!-- OVERVIEW -->\n    <slide type=\"all\">\n       \
        \ <title>Overview</title>\n        <item>Why <em>WonderWidgets</em> are great</item>\n\
        \        <item/>\n        <item>Who <em>buys</em> WonderWidgets</item>\n \
        \   </slide>\n\n</slideshow>"}
    headers:
      Access-Control-Allow-Credentials: ['true']
      Access-Control-Allow-Origin: ['*']
      Connection: [keep-alive]
      Content-Length: ['522']
      Content-Type: [application/xml]
      Date: ['Tue, 04 Sep 2018 10:40:35 GMT']
      Server: [gunicorn/19.9.0]
      Via: [1.1 vegur]
    status: {code: 200, message: OK}
- request:
    body: null
    headers:
      Accept: ['*/*']
      Accept-Encoding: ['gzip, deflate']
      Connection: [keep-alive]
      User-Agent: [python-requests/2.18.4]
    method: GET
    uri: https://httpbin.org/xml
  response:
    body: {string: "<?xml version='1.0' encoding='us-ascii'?>\n\n<!--  A SAMPLE set\
        \ of slides  -->\n\n<slideshow \n    title=\"Sample Slide Show\"\n    date=\"\
        Date of publication\"\n    author=\"Yours Truly\"\n    >\n\n    <!-- TITLE\
        \ SLIDE -->\n    <slide type=\"all\">\n      <title>Wake up to WonderWidgets!</title>\n\
        \    </slide>\n\n    <!-- OVERVIEW -->\n    <slide type=\"all\">\n       \
        \ <title>Overview</title>\n        <item>Why <em>WonderWidgets</em> are great</item>\n\
        \        <item/>\n        <item>Who <em>buys</em> WonderWidgets</item>\n \
        \   </slide>\n\n</slideshow>"}
    headers:
      Access-Control-Allow-Credentials: ['true']
      Access-Control-Allow-Origin: ['*']
      Connection: [keep-alive]
      Content-Length: ['522']
      Content-Type: [application/xml]
      Date: ['Tue, 04 Sep 2018 10:40:35 GMT']
      Server: [gunicorn/19.9.0]
      Via: [1.1 vegur]
    status: {code: 200, message: OK}
- request:
    body: null
    headers:
      Accept: ['*/*']
      Accept-Encoding: ['gzip, deflate']
      Connection: [keep-alive]
      User-Agent: [python-requests/2.18.4]
    method: GET
    uri: https://httpbin.org/xml
  response:
    body: {string: "<?xml version='1.0' encoding='us-ascii'?>\n\n<!--  A SAMPLE set\
        \ of slides  -->\n\n<slideshow \n    title=\"Sample Slide Show\"\n    date=\"\
        Date of publication\"\n    author=\"Yours Truly\"\n    >\n\n    <!-- TITLE\
        \ SLIDE -->\n    <slide type=\"all\">\n      <title>Wake up to WonderWidgets!</title>\n\
        \    </slide>\n\n    <!-- OVERVIEW -->\n    <slide type=\"all\">\n       \
        \ <title>Overview</title>\n        <item>Why <em>WonderWidgets</em> are great</item>\n\
        \        <item/>\n        <item>Who <em>buys</em> WonderWidgets</item>\n \
        \   </slide>\n\n</slideshow>"}
    headers:
      Access-Control-Allow-Credentials: ['true']
      Access-Control-Allow-Origin: ['*']
      Connection: [keep-alive]
      Content-Length: ['522']
      Content-Type: [application/xml]
      Date: ['Tue, 04 Sep 2018 10:40:35 GMT']
      Server: [gunicorn/19.9.0]
      Via: [1.1 vegur]
    status: {code: 200, message: OK}
- request:
    body: null
    headers:
      Accept: ['*/*']
      Accept-Encoding: ['gzip, deflate']
      Connection: [keep-alive]
      User-Agent: [python-requests/2.18.4]
    method: GET
    uri: https://httpbin.org/xml
  response:
    body: {string: "<?xml version='1.0' encoding='us-ascii'?>\n\n<!--  A SAMPLE set\
        \ of slides  -->\n\n<slideshow \n    title=\"Sample Slide Show\"\n    date=\"\
        Date of publication\"\n    author=\"Yours Truly\"\n    >\n\n    <!-- TITLE\
        \ SLIDE -->\n    <slide type=\"all\">\n      <title>Wake up to WonderWidgets!</title>\n\
        \    </slide>\n\n    <!-- OVERVIEW -->\n    <slide type=\"all\">\n       \
        \ <title>Overview</title>\n        <item>Why <em>WonderWidgets</em> are great</item>\n\
        \        <item/>\n        <item>Who <em>buys</em> WonderWidgets</item>\n \
        \   </slide>\n\n</slideshow>"}
    headers:
      Access-Control-Allow-Credentials: ['true']
      Access-Control-Allow-Origin: ['*']
      Connection: [keep-alive]
      Content-Length: ['522']
      Content-Type: [application/xml]
      Date: ['Tue, 04 Sep 2018 10:40:36 GMT']
      Server: [gunicorn/19.9.0]
      Via: [1.1 vegur]
    status: {code: 200, message: OK}
- request:
    body: null
    headers:
      Accept: ['*/*']
      Accept-Encoding: ['gzip, deflate']
      Connection: [keep-alive]
      User-Agent: [python-requests/2.18.4]
    method: GET
    uri: https://httpbin.org/xml
  response:
    body: {string: "<?xml version='1.0' encoding='us-ascii'?>\n\n<!--  A SAMPLE set\
        \ of slides  -->\n\n<slideshow \n    title=\"Sample Slide Show\"\n    date=\"\
        Date of publication\"\n    author=\"Yours Truly\"\n    >\n\n    <!-- TITLE\
        \ SLIDE -->\n    <slide type=\"all\">\n      <title>Wake up to WonderWidgets!</title>\n\
        \    </slide>\n\n    <!-- OVERVIEW -->\n    <slide type=\"all\">\n       \
        \ <title>Overview</title>\n        <item>Why <em>WonderWidgets</em> are great</item>\n\
        \        <item/>\n        <item>Who <em>buys</em> WonderWidgets</item>\n \
        \   </slide>\n\n</slideshow>"}
    headers:
      Access-Control-Allow-Credentials: ['true']
      Access-Control-Allow-Origin: ['*']
      Connection: [keep-alive]
      Content-Length: ['522']
      Content-Type: [application/xml]
      Date: ['Tue, 04 Sep 2018 10:40:36 GMT']
      Server: [gunicorn/19.9.0]
      Via: [1.1 vegur]
    status: {code: 200, message: OK}
- request:
    body: client_id=https%3A%2F%2Fhttpbin.org%2Fxml&grant_type=refresh_token
    headers:
      Accept: ['*/*']
      Accept-Encoding: ['gzip, deflate']
      Connection: [keep-alive]
      Content-Length: ['66']
      Content-Type: [application/x-www-form-urlencoded]
      User-Agent: [python-requests/2.18.4]
    method: POST
    uri: https://httpbin.org/xml
  response:
    body: {string: '<!DOCTYPE HTML PUBLIC "-//W3C//DTD HTML 3.2 Final//EN">

        <title>405 Method Not Allowed</title>

        <h1>Method Not Allowed</h1>

        <p>The method is not allowed for the requested URL.</p>

        '}
    headers:
      Access-Control-Allow-Credentials: ['true']
      Access-Control-Allow-Origin: ['*']
      Allow: ['OPTIONS, HEAD, GET']
      Connection: [keep-alive]
      Content-Length: ['178']
      Content-Type: [text/html]
      Date: ['Tue, 04 Sep 2018 10:40:36 GMT']
      Server: [gunicorn/19.9.0]
      Via: [1.1 vegur]
    status: {code: 405, message: METHOD NOT ALLOWED}
- request:
    body: null
    headers:
      Accept: ['*/*']
      Accept-Encoding: ['gzip, deflate']
      Connection: [keep-alive]
      User-Agent: [python-requests/2.18.4]
    method: GET
    uri: https://httpbin.org/xml
  response:
    body: {string: "<?xml version='1.0' encoding='us-ascii'?>\n\n<!--  A SAMPLE set\
        \ of slides  -->\n\n<slideshow \n    title=\"Sample Slide Show\"\n    date=\"\
        Date of publication\"\n    author=\"Yours Truly\"\n    >\n\n    <!-- TITLE\
        \ SLIDE -->\n    <slide type=\"all\">\n      <title>Wake up to WonderWidgets!</title>\n\
        \    </slide>\n\n    <!-- OVERVIEW -->\n    <slide type=\"all\">\n       \
        \ <title>Overview</title>\n        <item>Why <em>WonderWidgets</em> are great</item>\n\
        \        <item/>\n        <item>Who <em>buys</em> WonderWidgets</item>\n \
        \   </slide>\n\n</slideshow>"}
    headers:
      Access-Control-Allow-Credentials: ['true']
      Access-Control-Allow-Origin: ['*']
      Connection: [keep-alive]
      Content-Length: ['522']
      Content-Type: [application/xml]
      Date: ['Tue, 04 Sep 2018 10:40:36 GMT']
      Server: [gunicorn/19.9.0]
      Via: [1.1 vegur]
    status: {code: 200, message: OK}
- request:
    body: null
    headers:
      Accept: ['*/*']
      Accept-Encoding: ['gzip, deflate']
      Connection: [keep-alive]
      User-Agent: [python-requests/2.18.4]
    method: GET
    uri: https://httpbin.org/xml
  response:
    body: {string: "<?xml version='1.0' encoding='us-ascii'?>\n\n<!--  A SAMPLE set\
        \ of slides  -->\n\n<slideshow \n    title=\"Sample Slide Show\"\n    date=\"\
        Date of publication\"\n    author=\"Yours Truly\"\n    >\n\n    <!-- TITLE\
        \ SLIDE -->\n    <slide type=\"all\">\n      <title>Wake up to WonderWidgets!</title>\n\
        \    </slide>\n\n    <!-- OVERVIEW -->\n    <slide type=\"all\">\n       \
        \ <title>Overview</title>\n        <item>Why <em>WonderWidgets</em> are great</item>\n\
        \        <item/>\n        <item>Who <em>buys</em> WonderWidgets</item>\n \
        \   </slide>\n\n</slideshow>"}
    headers:
      Access-Control-Allow-Credentials: ['true']
      Access-Control-Allow-Origin: ['*']
      Connection: [keep-alive]
      Content-Length: ['522']
      Content-Type: [application/xml]
      Date: ['Tue, 04 Sep 2018 10:40:36 GMT']
      Server: [gunicorn/19.9.0]
      Via: [1.1 vegur]
    status: {code: 200, message: OK}
- request:
    body: null
    headers:
      Accept: ['*/*']
      Accept-Encoding: ['gzip, deflate']
      Connection: [keep-alive]
      User-Agent: [python-requests/2.18.4]
    method: GET
    uri: https://httpbin.org/xml
  response:
    body: {string: "<?xml version='1.0' encoding='us-ascii'?>\n\n<!--  A SAMPLE set\
        \ of slides  -->\n\n<slideshow \n    title=\"Sample Slide Show\"\n    date=\"\
        Date of publication\"\n    author=\"Yours Truly\"\n    >\n\n    <!-- TITLE\
        \ SLIDE -->\n    <slide type=\"all\">\n      <title>Wake up to WonderWidgets!</title>\n\
        \    </slide>\n\n    <!-- OVERVIEW -->\n    <slide type=\"all\">\n       \
        \ <title>Overview</title>\n        <item>Why <em>WonderWidgets</em> are great</item>\n\
        \        <item/>\n        <item>Who <em>buys</em> WonderWidgets</item>\n \
        \   </slide>\n\n</slideshow>"}
    headers:
      Access-Control-Allow-Credentials: ['true']
      Access-Control-Allow-Origin: ['*']
      Connection: [keep-alive]
      Content-Length: ['522']
      Content-Type: [application/xml]
      Date: ['Tue, 04 Sep 2018 10:40:36 GMT']
      Server: [gunicorn/19.9.0]
      Via: [1.1 vegur]
    status: {code: 200, message: OK}
- request:
    body: client_id=https%3A%2F%2Fhttpbin.org%2Fxml&grant_type=refresh_token
    headers:
      Accept: ['*/*']
      Accept-Encoding: ['gzip, deflate']
      Connection: [keep-alive]
      Content-Length: ['66']
      Content-Type: [application/x-www-form-urlencoded]
      User-Agent: [python-requests/2.18.4]
    method: POST
    uri: https://httpbin.org/xml
  response:
    body: {string: '<!DOCTYPE HTML PUBLIC "-//W3C//DTD HTML 3.2 Final//EN">

        <title>405 Method Not Allowed</title>

        <h1>Method Not Allowed</h1>

        <p>The method is not allowed for the requested URL.</p>

        '}
    headers:
      Access-Control-Allow-Credentials: ['true']
      Access-Control-Allow-Origin: ['*']
      Allow: ['GET, OPTIONS, HEAD']
      Connection: [keep-alive]
      Content-Length: ['178']
      Content-Type: [text/html]
      Date: ['Tue, 04 Sep 2018 10:40:36 GMT']
      Server: [gunicorn/19.9.0]
      Via: [1.1 vegur]
    status: {code: 405, message: METHOD NOT ALLOWED}
- request:
    body: null
    headers:
      Accept: ['*/*']
      Accept-Encoding: ['gzip, deflate']
      Connection: [keep-alive]
      User-Agent: [python-requests/2.18.4]
    method: GET
    uri: https://httpbin.org/xml
  response:
    body: {string: "<?xml version='1.0' encoding='us-ascii'?>\n\n<!--  A SAMPLE set\
        \ of slides  -->\n\n<slideshow \n    title=\"Sample Slide Show\"\n    date=\"\
        Date of publication\"\n    author=\"Yours Truly\"\n    >\n\n    <!-- TITLE\
        \ SLIDE -->\n    <slide type=\"all\">\n      <title>Wake up to WonderWidgets!</title>\n\
        \    </slide>\n\n    <!-- OVERVIEW -->\n    <slide type=\"all\">\n       \
        \ <title>Overview</title>\n        <item>Why <em>WonderWidgets</em> are great</item>\n\
        \        <item/>\n        <item>Who <em>buys</em> WonderWidgets</item>\n \
        \   </slide>\n\n</slideshow>"}
    headers:
      Access-Control-Allow-Credentials: ['true']
      Access-Control-Allow-Origin: ['*']
      Connection: [keep-alive]
      Content-Length: ['522']
      Content-Type: [application/xml]
      Date: ['Tue, 04 Sep 2018 10:40:36 GMT']
      Server: [gunicorn/19.9.0]
      Via: [1.1 vegur]
    status: {code: 200, message: OK}
version: 1
